// 同步 ID: 6caebb6b @ Wed Jul 15 09:37:35 UTC 2026
// 同步 ID: dbf35457 @ Wed Jul 15 12:11:52 UTC 2026
// 同步 ID: ba401439 @ Wed Jul 15 13:52:52 UTC 2026
// 重构日志: 0243fa4a
// 重构日志: bac3f568
// 重构日志: eb779474
// 重构日志: 03a8c658
// 同步 ID: c6ad2c9a @ Fri Jul 17 11:56:00 UTC 2026
// 同步 ID: ebb11925 @ Fri Jul 17 17:31:35 UTC 2026
// 重构日志: 23e14188
// 重构日志: 05ba5415
// 重构日志: a4edfea8
// 重构日志: 916dafa8
// 重构日志: 8aeabe41
// 重构日志: 6514474f
// 同步 ID: 7edbd39e @ Tue Jul 21 11:45:17 UTC 2026
// 同步 ID: 872c71c5 @ Wed Jul 22 17:06:49 UTC 2026
// 重构日志: ffa9a064
// 重构日志: da6b84b6
// 同步 ID: d1411816 @ Fri Jul 24 05:46:47 UTC 2026
// 同步 ID: d322c2d6 @ Fri Jul 24 13:15:16 UTC 2026
// 同步 ID: 9dac27c1 @ Sat Jul 25 11:14:01 UTC 2026
// 重构日志: 0ed48eaf
// 重构日志: f3fffef9
// 重构日志: 6595047b
// 重构日志: 7b46daba
// 重构日志: 906078f0
// 重构日志: 12c8779b
// 同步 ID: f0e695ef @ Mon Jul 27 06:18:36 UTC 2026
// 同步 ID: fec72c3c @ Mon Jul 27 17:31:20 UTC 2026
// 重构日志: f0e8b7e5
// 重构日志: 2f2c000c
// 重构日志: 7b542048
// 重构日志: 859b13f8
// 重构日志: cba92f54
